  Γû▓ Next.js 14.2.35

   Creating an optimized production build ...
node.exe : Failed to compile.
At line:1 char:1
+ & "C:\Program Files\nodejs/node.exe" 
"C:\Program Files\nodejs/node_mo ...
+ ~~~~~~~~~~~~~~~~~~~~~~~~~~~~~~~~~~~~~
~~~~~~~~~~~~~~~~~~~~~~~~~~~~~~~~
    + CategoryInfo          : NotSpeci 
   fied: (Failed to compile.:String)   
  [], RemoteException
    + FullyQualifiedErrorId : NativeCo 
   mmandError
 

src\app\layout.tsx
An error occurred in `next/font`.

Error: Cannot find module 
'@fullhuman/postcss-purgecss'
Require stack:
- C:\Users\HP\Downloads\Nik portfolio\n
ikhilumaretiya.github.io\node_modules\n
ext\dist\build\webpack\config\blocks\cs
s\plugins.js
- C:\Users\HP\Downloads\Nik portfolio\n
ikhilumaretiya.github.io\node_modules\n
ext\dist\build\webpack\config\blocks\cs
s\index.js
- C:\Users\HP\Downloads\Nik portfolio\n
ikhilumaretiya.github.io\node_modules\n
ext\dist\build\webpack\config\index.js
- C:\Users\HP\Downloads\Nik portfolio\n
ikhilumaretiya.github.io\node_modules\n
ext\dist\build\webpack-config.js
- C:\Users\HP\Downloads\Nik portfolio\n
ikhilumaretiya.github.io\node_modules\n
ext\dist\build\webpack-build\impl.js
- C:\Users\HP\Downloads\Nik portfolio\n
ikhilumaretiya.github.io\node_modules\n
ext\dist\compiled\jest-worker\processCh
ild.js
    at Module.<anonymous> (node:interna
l/modules/cjs/loader:1456:15)
    at C:\Users\HP\Downloads\Nik portfo
lio\nikhilumaretiya.github.io\node_modu
les\next\dist\server\require-hook.js:55
:36
    at require.resolve 
(node:internal/modules/helpers:163:19)
    at loadPlugin 
(C:\Users\HP\Downloads\Nik portfolio\ni
khilumaretiya.github.io\node_modules\ne
xt\dist\build\webpack\config\blocks\css
\plugins.js:49:32)
    at C:\Users\HP\Downloads\Nik portfo
lio\nikhilumaretiya.github.io\node_modu
les\next\dist\build\webpack\config\bloc
ks\css\plugins.js:157:56
    at Array.map (<anonymous>)
    at getPostCssPlugins 
(C:\Users\HP\Downloads\Nik portfolio\ni
khilumaretiya.github.io\node_modules\ne
xt\dist\build\webpack\config\blocks\css
\plugins.js:157:47)
    at async C:\Users\HP\Downloads\Nik 
portfolio\nikhilumaretiya.github.io\nod
e_modules\next\dist\build\webpack\confi
g\blocks\css\index.js:124:36
    at async C:\Users\HP\Downloads\Nik 
portfolio\nikhilumaretiya.github.io\nod
e_modules\next\dist\build\webpack\loade
rs\postcss-loader\src\index.js:51:40
    at async Span.traceAsyncFn 
(C:\Users\HP\Downloads\Nik portfolio\ni
khilumaretiya.github.io\node_modules\ne
xt\dist\trace\trace.js:154:20)

src\app\layout.tsx
An error occurred in `next/font`.

Error: Cannot find module 
'@fullhuman/postcss-purgecss'
Require stack:
- C:\Users\HP\Downloads\Nik portfolio\n
ikhilumaretiya.github.io\node_modules\n
ext\dist\build\webpack\config\blocks\cs
s\plugins.js
- C:\Users\HP\Downloads\Nik portfolio\n
ikhilumaretiya.github.io\node_modules\n
ext\dist\build\webpack\config\blocks\cs
s\index.js
- C:\Users\HP\Downloads\Nik portfolio\n
ikhilumaretiya.github.io\node_modules\n
ext\dist\build\webpack\config\index.js
- C:\Users\HP\Downloads\Nik portfolio\n
ikhilumaretiya.github.io\node_modules\n
ext\dist\build\webpack-config.js
- C:\Users\HP\Downloads\Nik portfolio\n
ikhilumaretiya.github.io\node_modules\n
ext\dist\build\webpack-build\impl.js
- C:\Users\HP\Downloads\Nik portfolio\n
ikhilumaretiya.github.io\node_modules\n
ext\dist\compiled\jest-worker\processCh
ild.js
    at Module.<anonymous> (node:interna
l/modules/cjs/loader:1456:15)
    at C:\Users\HP\Downloads\Nik portfo
lio\nikhilumaretiya.github.io\node_modu
les\next\dist\server\require-hook.js:55
:36
    at require.resolve 
(node:internal/modules/helpers:163:19)
    at loadPlugin 
(C:\Users\HP\Downloads\Nik portfolio\ni
khilumaretiya.github.io\node_modules\ne
xt\dist\build\webpack\config\blocks\css
\plugins.js:49:32)
    at C:\Users\HP\Downloads\Nik portfo
lio\nikhilumaretiya.github.io\node_modu
les\next\dist\build\webpack\config\bloc
ks\css\plugins.js:157:56
    at Array.map (<anonymous>)
    at getPostCssPlugins 
(C:\Users\HP\Downloads\Nik portfolio\ni
khilumaretiya.github.io\node_modules\ne
xt\dist\build\webpack\config\blocks\css
\plugins.js:157:47)
    at async C:\Users\HP\Downloads\Nik 
portfolio\nikhilumaretiya.github.io\nod
e_modules\next\dist\build\webpack\confi
g\blocks\css\index.js:124:36
    at async C:\Users\HP\Downloads\Nik 
portfolio\nikhilumaretiya.github.io\nod
e_modules\next\dist\build\webpack\loade
rs\postcss-loader\src\index.js:51:40
    at async Span.traceAsyncFn 
(C:\Users\HP\Downloads\Nik portfolio\ni
khilumaretiya.github.io\node_modules\ne
xt\dist\trace\trace.js:154:20)

./src/app/globals.css.webpack[javascrip
t/auto]!=!./node_modules/next/dist/buil
d/webpack/loaders/css-loader/src/index.
js??ruleSet[1].rules[14].oneOf[12].use[
2]!./node_modules/next/dist/build/webpa
ck/loaders/postcss-loader/src/index.js?
?ruleSet[1].rules[14].oneOf[12].use[3]!
./src/app/globals.css
Error: Cannot find module 
'@fullhuman/postcss-purgecss'
Require stack:
- C:\Users\HP\Downloads\Nik portfolio\n
ikhilumaretiya.github.io\node_modules\n
ext\dist\build\webpack\config\blocks\cs
s\plugins.js
- C:\Users\HP\Downloads\Nik portfolio\n
ikhilumaretiya.github.io\node_modules\n
ext\dist\build\webpack\config\blocks\cs
s\index.js
- C:\Users\HP\Downloads\Nik portfolio\n
ikhilumaretiya.github.io\node_modules\n
ext\dist\build\webpack\config\index.js
- C:\Users\HP\Downloads\Nik portfolio\n
ikhilumaretiya.github.io\node_modules\n
ext\dist\build\webpack-config.js
- C:\Users\HP\Downloads\Nik portfolio\n
ikhilumaretiya.github.io\node_modules\n
ext\dist\build\webpack-build\impl.js
- C:\Users\HP\Downloads\Nik portfolio\n
ikhilumaretiya.github.io\node_modules\n
ext\dist\compiled\jest-worker\processCh
ild.js
    at Module.<anonymous> (node:interna
l/modules/cjs/loader:1456:15)
    at C:\Users\HP\Downloads\Nik portfo
lio\nikhilumaretiya.github.io\node_modu
les\next\dist\server\require-hook.js:55
:36
    at require.resolve 
(node:internal/modules/helpers:163:19)
    at loadPlugin 
(C:\Users\HP\Downloads\Nik portfolio\ni
khilumaretiya.github.io\node_modules\ne
xt\dist\build\webpack\config\blocks\css
\plugins.js:49:32)
    at C:\Users\HP\Downloads\Nik portfo
lio\nikhilumaretiya.github.io\node_modu
les\next\dist\build\webpack\config\bloc
ks\css\plugins.js:157:56
    at Array.map (<anonymous>)
    at getPostCssPlugins 
(C:\Users\HP\Downloads\Nik portfolio\ni
khilumaretiya.github.io\node_modules\ne
xt\dist\build\webpack\config\blocks\css
\plugins.js:157:47)
    at async C:\Users\HP\Downloads\Nik 
portfolio\nikhilumaretiya.github.io\nod
e_modules\next\dist\build\webpack\confi
g\blocks\css\index.js:124:36
    at async C:\Users\HP\Downloads\Nik 
portfolio\nikhilumaretiya.github.io\nod
e_modules\next\dist\build\webpack\loade
rs\postcss-loader\src\index.js:51:40
    at async Span.traceAsyncFn 
(C:\Users\HP\Downloads\Nik portfolio\ni
khilumaretiya.github.io\node_modules\ne
xt\dist\trace\trace.js:154:20)

Import trace for requested module:
./src/app/globals.css.webpack[javascrip
t/auto]!=!./node_modules/next/dist/buil
d/webpack/loaders/css-loader/src/index.
js??ruleSet[1].rules[14].oneOf[12].use[
2]!./node_modules/next/dist/build/webpa
ck/loaders/postcss-loader/src/index.js?
?ruleSet[1].rules[14].oneOf[12].use[3]!
./src/app/globals.css
./src/app/globals.css

./src/app/globals.css
Error: Cannot find module 
'@fullhuman/postcss-purgecss'
Require stack:
- C:\Users\HP\Downloads\Nik portfolio\n
ikhilumaretiya.github.io\node_modules\n
ext\dist\build\webpack\config\blocks\cs
s\plugins.js
- C:\Users\HP\Downloads\Nik portfolio\n
ikhilumaretiya.github.io\node_modules\n
ext\dist\build\webpack\config\blocks\cs
s\index.js
- C:\Users\HP\Downloads\Nik portfolio\n
ikhilumaretiya.github.io\node_modules\n
ext\dist\build\webpack\config\index.js
- C:\Users\HP\Downloads\Nik portfolio\n
ikhilumaretiya.github.io\node_modules\n
ext\dist\build\webpack-config.js
- C:\Users\HP\Downloads\Nik portfolio\n
ikhilumaretiya.github.io\node_modules\n
ext\dist\build\webpack-build\impl.js
- C:\Users\HP\Downloads\Nik portfolio\n
ikhilumaretiya.github.io\node_modules\n
ext\dist\compiled\jest-worker\processCh
ild.js
    at Module.<anonymous> (node:interna
l/modules/cjs/loader:1456:15)
    at C:\Users\HP\Downloads\Nik portfo
lio\nikhilumaretiya.github.io\node_modu
les\next\dist\server\require-hook.js:55
:36
    at require.resolve 
(node:internal/modules/helpers:163:19)
    at loadPlugin 
(C:\Users\HP\Downloads\Nik portfolio\ni
khilumaretiya.github.io\node_modules\ne
xt\dist\build\webpack\config\blocks\css
\plugins.js:49:32)
    at C:\Users\HP\Downloads\Nik portfo
lio\nikhilumaretiya.github.io\node_modu
les\next\dist\build\webpack\config\bloc
ks\css\plugins.js:157:56
    at Array.map (<anonymous>)
    at getPostCssPlugins 
(C:\Users\HP\Downloads\Nik portfolio\ni
khilumaretiya.github.io\node_modules\ne
xt\dist\build\webpack\config\blocks\css
\plugins.js:157:47)
    at async C:\Users\HP\Downloads\Nik 
portfolio\nikhilumaretiya.github.io\nod
e_modules\next\dist\build\webpack\confi
g\blocks\css\index.js:124:36
    at async C:\Users\HP\Downloads\Nik 
portfolio\nikhilumaretiya.github.io\nod
e_modules\next\dist\build\webpack\loade
rs\postcss-loader\src\index.js:51:40
    at async Span.traceAsyncFn 
(C:\Users\HP\Downloads\Nik portfolio\ni
khilumaretiya.github.io\node_modules\ne
xt\dist\trace\trace.js:154:20)
    at tryRunOrWebpackError 
(C:\Users\HP\Downloads\Nik portfolio\ni
khilumaretiya.github.io\node_modules\ne
xt\dist\compiled\webpack\bundle5.js:28:
312989)
    at __webpack_require_module__ 
(C:\Users\HP\Downloads\Nik portfolio\ni
khilumaretiya.github.io\node_modules\ne
xt\dist\compiled\webpack\bundle5.js:28:
131165)
    at 
__nested_webpack_require_153728__ 
(C:\Users\HP\Downloads\Nik portfolio\ni
khilumaretiya.github.io\node_modules\ne
xt\dist\compiled\webpack\bundle5.js:28:
130607)
    at C:\Users\HP\Downloads\Nik portfo
lio\nikhilumaretiya.github.io\node_modu
les\next\dist\compiled\webpack\bundle5.
js:28:131454
    at symbolIterator 
(C:\Users\HP\Downloads\Nik portfolio\ni
khilumaretiya.github.io\node_modules\ne
xt\dist\compiled\neo-async\async.js:1:1
4444)
    at done (C:\Users\HP\Downloads\Nik 
portfolio\nikhilumaretiya.github.io\nod
e_modules\next\dist\compiled\neo-async\
async.js:1:14824)
    at Hook.eval [as callAsync] (eval 
at create (C:\Users\HP\Downloads\Nik po
rtfolio\nikhilumaretiya.github.io\node_
modules\next\dist\compiled\webpack\bund
le5.js:13:28858), <anonymous>:15:1)
    at Hook.CALL_ASYNC_DELEGATE [as 
_callAsync] (C:\Users\HP\Downloads\Nik 
portfolio\nikhilumaretiya.github.io\nod
e_modules\next\dist\compiled\webpack\bu
ndle5.js:13:26012)
    at C:\Users\HP\Downloads\Nik portfo
lio\nikhilumaretiya.github.io\node_modu
les\next\dist\compiled\webpack\bundle5.
js:28:130328
    at symbolIterator 
(C:\Users\HP\Downloads\Nik portfolio\ni
khilumaretiya.github.io\node_modules\ne
xt\dist\compiled\neo-async\async.js:1:1
4402)
-- inner error --
Error: Cannot find module 
'@fullhuman/postcss-purgecss'
Require stack:
- C:\Users\HP\Downloads\Nik portfolio\n
ikhilumaretiya.github.io\node_modules\n
ext\dist\build\webpack\config\blocks\cs
s\plugins.js
- C:\Users\HP\Downloads\Nik portfolio\n
ikhilumaretiya.github.io\node_modules\n
ext\dist\build\webpack\config\blocks\cs
s\index.js
- C:\Users\HP\Downloads\Nik portfolio\n
ikhilumaretiya.github.io\node_modules\n
ext\dist\build\webpack\config\index.js
- C:\Users\HP\Downloads\Nik portfolio\n
ikhilumaretiya.github.io\node_modules\n
ext\dist\build\webpack-config.js
- C:\Users\HP\Downloads\Nik portfolio\n
ikhilumaretiya.github.io\node_modules\n
ext\dist\build\webpack-build\impl.js
- C:\Users\HP\Downloads\Nik portfolio\n
ikhilumaretiya.github.io\node_modules\n
ext\dist\compiled\jest-worker\processCh
ild.js
    at Module.<anonymous> (node:interna
l/modules/cjs/loader:1456:15)
    at C:\Users\HP\Downloads\Nik portfo
lio\nikhilumaretiya.github.io\node_modu
les\next\dist\server\require-hook.js:55
:36
    at require.resolve 
(node:internal/modules/helpers:163:19)
    at loadPlugin 
(C:\Users\HP\Downloads\Nik portfolio\ni
khilumaretiya.github.io\node_modules\ne
xt\dist\build\webpack\config\blocks\css
\plugins.js:49:32)
    at C:\Users\HP\Downloads\Nik portfo
lio\nikhilumaretiya.github.io\node_modu
les\next\dist\build\webpack\config\bloc
ks\css\plugins.js:157:56
    at Array.map (<anonymous>)
    at getPostCssPlugins 
(C:\Users\HP\Downloads\Nik portfolio\ni
khilumaretiya.github.io\node_modules\ne
xt\dist\build\webpack\config\blocks\css
\plugins.js:157:47)
    at async C:\Users\HP\Downloads\Nik 
portfolio\nikhilumaretiya.github.io\nod
e_modules\next\dist\build\webpack\confi
g\blocks\css\index.js:124:36
    at async C:\Users\HP\Downloads\Nik 
portfolio\nikhilumaretiya.github.io\nod
e_modules\next\dist\build\webpack\loade
rs\postcss-loader\src\index.js:51:40
    at async Span.traceAsyncFn 
(C:\Users\HP\Downloads\Nik portfolio\ni
khilumaretiya.github.io\node_modules\ne
xt\dist\trace\trace.js:154:20)
    at Object.<anonymous> 
(C:\Users\HP\Downloads\Nik portfolio\ni
khilumaretiya.github.io\node_modules\ne
xt\dist\build\webpack\loaders\css-loade
r\src\index.js??ruleSet[1].rules[14].on
eOf[12].use[2]!C:\Users\HP\Downloads\Ni
k portfolio\nikhilumaretiya.github.io\n
ode_modules\next\dist\build\webpack\loa
ders\postcss-loader\src\index.js??ruleS
et[1].rules[14].oneOf[12].use[3]!C:\Use
rs\HP\Downloads\Nik portfolio\nikhiluma
retiya.github.io\src\app\globals.css:1:
7)
    at C:\Users\HP\Downloads\Nik portfo
lio\nikhilumaretiya.github.io\node_modu
les\next\dist\compiled\webpack\bundle5.
js:28:922493
    at Hook.eval [as call] (eval at 
create (C:\Users\HP\Downloads\Nik portf
olio\nikhilumaretiya.github.io\node_mod
ules\next\dist\compiled\webpack\bundle5
.js:13:28636), <anonymous>:7:1)
    at Hook.CALL_DELEGATE [as _call] 
(C:\Users\HP\Downloads\Nik portfolio\ni
khilumaretiya.github.io\node_modules\ne
xt\dist\compiled\webpack\bundle5.js:13:
25906)
    at C:\Users\HP\Downloads\Nik portfo
lio\nikhilumaretiya.github.io\node_modu
les\next\dist\compiled\webpack\bundle5.
js:28:131198
    at tryRunOrWebpackError 
(C:\Users\HP\Downloads\Nik portfolio\ni
khilumaretiya.github.io\node_modules\ne
xt\dist\compiled\webpack\bundle5.js:28:
312943)
    at __webpack_require_module__ 
(C:\Users\HP\Downloads\Nik portfolio\ni
khilumaretiya.github.io\node_modules\ne
xt\dist\compiled\webpack\bundle5.js:28:
131165)
    at 
__nested_webpack_require_153728__ 
(C:\Users\HP\Downloads\Nik portfolio\ni
khilumaretiya.github.io\node_modules\ne
xt\dist\compiled\webpack\bundle5.js:28:
130607)
    at C:\Users\HP\Downloads\Nik portfo
lio\nikhilumaretiya.github.io\node_modu
les\next\dist\compiled\webpack\bundle5.
js:28:131454
    at symbolIterator 
(C:\Users\HP\Downloads\Nik portfolio\ni
khilumaretiya.github.io\node_modules\ne
xt\dist\compiled\neo-async\async.js:1:1
4444)

Generated code for 
C:\Users\HP\Downloads\Nik portfolio\nik
hilumaretiya.github.io\node_modules\nex
t\dist\build\webpack\loaders\css-loader
\src\index.js??ruleSet[1].rules[14].one
Of[12].use[2]!C:\Users\HP\Downloads\Nik
 portfolio\nikhilumaretiya.github.io\no
de_modules\next\dist\build\webpack\load
ers\postcss-loader\src\index.js??ruleSe
t[1].rules[14].oneOf[12].use[3]!C:\User
s\HP\Downloads\Nik portfolio\nikhilumar
etiya.github.io\src\app\globals.css

Import trace for requested module:
./src/app/globals.css

src\app\layout.tsx
An error occurred in `next/font`.

Error: Cannot find module 
'@fullhuman/postcss-purgecss'
Require stack:
- C:\Users\HP\Downloads\Nik portfolio\n
ikhilumaretiya.github.io\node_modules\n
ext\dist\build\webpack\config\blocks\cs
s\plugins.js
- C:\Users\HP\Downloads\Nik portfolio\n
ikhilumaretiya.github.io\node_modules\n
ext\dist\build\webpack\config\blocks\cs
s\index.js
- C:\Users\HP\Downloads\Nik portfolio\n
ikhilumaretiya.github.io\node_modules\n
ext\dist\build\webpack\config\index.js
- C:\Users\HP\Downloads\Nik portfolio\n
ikhilumaretiya.github.io\node_modules\n
ext\dist\build\webpack-config.js
- C:\Users\HP\Downloads\Nik portfolio\n
ikhilumaretiya.github.io\node_modules\n
ext\dist\build\webpack-build\impl.js
- C:\Users\HP\Downloads\Nik portfolio\n
ikhilumaretiya.github.io\node_modules\n
ext\dist\compiled\jest-worker\processCh
ild.js
    at Module.<anonymous> (node:interna
l/modules/cjs/loader:1456:15)
    at C:\Users\HP\Downloads\Nik portfo
lio\nikhilumaretiya.github.io\node_modu
les\next\dist\server\require-hook.js:55
:36
    at require.resolve 
(node:internal/modules/helpers:163:19)
    at loadPlugin 
(C:\Users\HP\Downloads\Nik portfolio\ni
khilumaretiya.github.io\node_modules\ne
xt\dist\build\webpack\config\blocks\css
\plugins.js:49:32)
    at C:\Users\HP\Downloads\Nik portfo
lio\nikhilumaretiya.github.io\node_modu
les\next\dist\build\webpack\config\bloc
ks\css\plugins.js:157:56
    at Array.map (<anonymous>)
    at getPostCssPlugins 
(C:\Users\HP\Downloads\Nik portfolio\ni
khilumaretiya.github.io\node_modules\ne
xt\dist\build\webpack\config\blocks\css
\plugins.js:157:47)
    at async C:\Users\HP\Downloads\Nik 
portfolio\nikhilumaretiya.github.io\nod
e_modules\next\dist\build\webpack\confi
g\blocks\css\index.js:124:36
    at async C:\Users\HP\Downloads\Nik 
portfolio\nikhilumaretiya.github.io\nod
e_modules\next\dist\build\webpack\loade
rs\postcss-loader\src\index.js:51:40
    at async Span.traceAsyncFn 
(C:\Users\HP\Downloads\Nik portfolio\ni
khilumaretiya.github.io\node_modules\ne
xt\dist\trace\trace.js:154:20)
    at tryRunOrWebpackError 
(C:\Users\HP\Downloads\Nik portfolio\ni
khilumaretiya.github.io\node_modules\ne
xt\dist\compiled\webpack\bundle5.js:28:
312989)
    at __webpack_require_module__ 
(C:\Users\HP\Downloads\Nik portfolio\ni
khilumaretiya.github.io\node_modules\ne
xt\dist\compiled\webpack\bundle5.js:28:
131165)
    at 
__nested_webpack_require_153728__ 
(C:\Users\HP\Downloads\Nik portfolio\ni
khilumaretiya.github.io\node_modules\ne
xt\dist\compiled\webpack\bundle5.js:28:
130607)
    at C:\Users\HP\Downloads\Nik portfo
lio\nikhilumaretiya.github.io\node_modu
les\next\dist\compiled\webpack\bundle5.
js:28:131454
    at symbolIterator 
(C:\Users\HP\Downloads\Nik portfolio\ni
khilumaretiya.github.io\node_modules\ne
xt\dist\compiled\neo-async\async.js:1:1
4444)
    at done (C:\Users\HP\Downloads\Nik 
portfolio\nikhilumaretiya.github.io\nod
e_modules\next\dist\compiled\neo-async\
async.js:1:14824)
    at Hook.eval [as callAsync] (eval 
at create (C:\Users\HP\Downloads\Nik po
rtfolio\nikhilumaretiya.github.io\node_
modules\next\dist\compiled\webpack\bund
le5.js:13:28858), <anonymous>:15:1)
    at C:\Users\HP\Downloads\Nik portfo
lio\nikhilumaretiya.github.io\node_modu
les\next\dist\compiled\webpack\bundle5.
js:28:130328
    at symbolIterator 
(C:\Users\HP\Downloads\Nik portfolio\ni
khilumaretiya.github.io\node_modules\ne
xt\dist\compiled\neo-async\async.js:1:1
4402)
    at timesSync 
(C:\Users\HP\Downloads\Nik portfolio\ni
khilumaretiya.github.io\node_modules\ne
xt\dist\compiled\neo-async\async.js:1:5
027)
-- inner error --
Error: Cannot find module 
'@fullhuman/postcss-purgecss'
Require stack:
- C:\Users\HP\Downloads\Nik portfolio\n
ikhilumaretiya.github.io\node_modules\n
ext\dist\build\webpack\config\blocks\cs
s\plugins.js
- C:\Users\HP\Downloads\Nik portfolio\n
ikhilumaretiya.github.io\node_modules\n
ext\dist\build\webpack\config\blocks\cs
s\index.js
- C:\Users\HP\Downloads\Nik portfolio\n
ikhilumaretiya.github.io\node_modules\n
ext\dist\build\webpack\config\index.js
- C:\Users\HP\Downloads\Nik portfolio\n
ikhilumaretiya.github.io\node_modules\n
ext\dist\build\webpack-config.js
- C:\Users\HP\Downloads\Nik portfolio\n
ikhilumaretiya.github.io\node_modules\n
ext\dist\build\webpack-build\impl.js
- C:\Users\HP\Downloads\Nik portfolio\n
ikhilumaretiya.github.io\node_modules\n
ext\dist\compiled\jest-worker\processCh
ild.js
    at Module.<anonymous> (node:interna
l/modules/cjs/loader:1456:15)
    at C:\Users\HP\Downloads\Nik portfo
lio\nikhilumaretiya.github.io\node_modu
les\next\dist\server\require-hook.js:55
:36
    at require.resolve 
(node:internal/modules/helpers:163:19)
    at loadPlugin 
(C:\Users\HP\Downloads\Nik portfolio\ni
khilumaretiya.github.io\node_modules\ne
xt\dist\build\webpack\config\blocks\css
\plugins.js:49:32)
    at C:\Users\HP\Downloads\Nik portfo
lio\nikhilumaretiya.github.io\node_modu
les\next\dist\build\webpack\config\bloc
ks\css\plugins.js:157:56
    at Array.map (<anonymous>)
    at getPostCssPlugins 
(C:\Users\HP\Downloads\Nik portfolio\ni
khilumaretiya.github.io\node_modules\ne
xt\dist\build\webpack\config\blocks\css
\plugins.js:157:47)
    at async C:\Users\HP\Downloads\Nik 
portfolio\nikhilumaretiya.github.io\nod
e_modules\next\dist\build\webpack\confi
g\blocks\css\index.js:124:36
    at async C:\Users\HP\Downloads\Nik 
portfolio\nikhilumaretiya.github.io\nod
e_modules\next\dist\build\webpack\loade
rs\postcss-loader\src\index.js:51:40
    at async Span.traceAsyncFn 
(C:\Users\HP\Downloads\Nik portfolio\ni
khilumaretiya.github.io\node_modules\ne
xt\dist\trace\trace.js:154:20)
    at Object.<anonymous> 
(C:\Users\HP\Downloads\Nik portfolio\ni
khilumaretiya.github.io\node_modules\ne
xt\dist\build\webpack\loaders\css-loade
r\src\index.js??ruleSet[1].rules[14].on
eOf[2].use[1]!C:\Users\HP\Downloads\Nik
 portfolio\nikhilumaretiya.github.io\no
de_modules\next\dist\build\webpack\load
ers\next-font-loader\index.js??ruleSet[
1].rules[14].oneOf[2].use[2]!C:\Users\H
P\Downloads\Nik portfolio\nikhilumareti
ya.github.io\node_modules\next\font\goo
gle\target.css?{"path":"src\\app\\layou
t.tsx","import":"Inter","arguments":[{"
variable":"--font-inter","subsets":["la
tin"]}],"variableName":"inter"}:1:7)
    at C:\Users\HP\Downloads\Nik portfo
lio\nikhilumaretiya.github.io\node_modu
les\next\dist\compiled\webpack\bundle5.
js:28:922493
    at Hook.eval [as call] (eval at 
create (C:\Users\HP\Downloads\Nik portf
olio\nikhilumaretiya.github.io\node_mod
ules\next\dist\compiled\webpack\bundle5
.js:13:28636), <anonymous>:7:1)
    at C:\Users\HP\Downloads\Nik portfo
lio\nikhilumaretiya.github.io\node_modu
les\next\dist\compiled\webpack\bundle5.
js:28:131198
    at tryRunOrWebpackError 
(C:\Users\HP\Downloads\Nik portfolio\ni
khilumaretiya.github.io\node_modules\ne
xt\dist\compiled\webpack\bundle5.js:28:
312943)
    at __webpack_require_module__ 
(C:\Users\HP\Downloads\Nik portfolio\ni
khilumaretiya.github.io\node_modules\ne
xt\dist\compiled\webpack\bundle5.js:28:
131165)
    at 
__nested_webpack_require_153728__ 
(C:\Users\HP\Downloads\Nik portfolio\ni
khilumaretiya.github.io\node_modules\ne
xt\dist\compiled\webpack\bundle5.js:28:
130607)
    at C:\Users\HP\Downloads\Nik portfo
lio\nikhilumaretiya.github.io\node_modu
les\next\dist\compiled\webpack\bundle5.
js:28:131454
    at symbolIterator 
(C:\Users\HP\Downloads\Nik portfolio\ni
khilumaretiya.github.io\node_modules\ne
xt\dist\compiled\neo-async\async.js:1:1
4444)
    at done (C:\Users\HP\Downloads\Nik 
portfolio\nikhilumaretiya.github.io\nod
e_modules\next\dist\compiled\neo-async\
async.js:1:14824)

Generated code for 
C:\Users\HP\Downloads\Nik portfolio\nik
hilumaretiya.github.io\node_modules\nex
t\dist\build\webpack\loaders\css-loader
\src\index.js??ruleSet[1].rules[14].one
Of[2].use[1]!C:\Users\HP\Downloads\Nik 
portfolio\nikhilumaretiya.github.io\nod
e_modules\next\dist\build\webpack\loade
rs\next-font-loader\index.js??ruleSet[1
].rules[14].oneOf[2].use[2]!C:\Users\HP
\Downloads\Nik portfolio\nikhilumaretiy
a.github.io\node_modules\next\font\goog
le\target.css?{"path":"src\\app\\layout
.tsx","import":"Inter","arguments":[{"v
ariable":"--font-inter","subsets":["lat
in"]}],"variableName":"inter"}


> Build failed because of webpack 
errors
